кейсов: 2; уже с метриками: 0
[1/2] 11:58:50 3_lcx: union 8951 -> 2703 dice=0.831
[2/2] 11:58:55 3_lad: union 15300 -> 2496 dice=0.798

готово за 0.1 мин: ok=2 skip=0 err=0
маски   : out0610/recount/run120/<scan>_<vessel>_cropped.nii.gz
метрики : out0610/recount/run120/metrics_cropped.csv
сводка  : out0610/recount/run120/crop_summary.csv
кейсов: 4; уже с метриками: 2
[3/4] 12:01:00 9_lad: union 7036 -> 1160 dice=0.834
[4/4] 12:01:05 3_rca: union 19634 -> 3965 dice=0.895

готово за 0.2 мин: ok=2 skip=2 err=0
маски   : out0610/recount/run120/<scan>_<vessel>_cropped.nii.gz
метрики : out0610/recount/run120/metrics_cropped.csv
сводка  : out0610/recount/run120/crop_summary.csv
кейсов: 6; уже с метриками: 4
[5/6] 12:03:11 9_rca: union 11316 -> 2977 dice=0.773
[6/6] 12:03:15 9_lcx: union 8571 -> 1569 dice=0.722

готово за 0.2 мин: ok=2 skip=4 err=0
маски   : out0610/recount/run120/<scan>_<vessel>_cropped.nii.gz
метрики : out0610/recount/run120/metrics_cropped.csv
сводка  : out0610/recount/run120/crop_summary.csv
кейсов: 7; уже с метриками: 6
[7/7] 12:05:21 14_lcx: union 14393 -> 3170 dice=0.765

готово за 0.1 мин: ok=1 skip=6 err=0
маски   : out0610/recount/run120/<scan>_<vessel>_cropped.nii.gz
метрики : out0610/recount/run120/metrics_cropped.csv
сводка  : out0610/recount/run120/crop_summary.csv
кейсов: 9; уже с метриками: 7
[8/9] 12:07:27 14_lad: union 25184 -> 6226 dice=0.762
[9/9] 12:07:31 30_lad: union 12778 -> 2861 dice=0.905

готово за 0.2 мин: ok=2 skip=7 err=0
маски   : out0610/recount/run120/<scan>_<vessel>_cropped.nii.gz
метрики : out0610/recount/run120/metrics_cropped.csv
сводка  : out0610/recount/run120/crop_summary.csv
кейсов: 11; уже с метриками: 9
[10/11] 12:09:37 14_rca: union 27799 -> 6906 dice=0.781
[11/11] 12:09:42 30_rca: union 24223 -> 6865 dice=0.925

готово за 0.2 мин: ok=2 skip=9 err=0
маски   : out0610/recount/run120/<scan>_<vessel>_cropped.nii.gz
метрики : out0610/recount/run120/metrics_cropped.csv
сводка  : out0610/recount/run120/crop_summary.csv
кейсов: 12; уже с метриками: 11
[12/12] 12:11:47 30_lcx: union 7082 -> 2224 dice=0.850 WARN: ['end click вне маски (proj 7.5 мм)']

готово за 0.1 мин: ok=1 skip=11 err=0
маски   : out0610/recount/run120/<scan>_<vessel>_cropped.nii.gz
метрики : out0610/recount/run120/metrics_cropped.csv
сводка  : out0610/recount/run120/crop_summary.csv
кейсов: 14; уже с метриками: 12
[13/14] 12:13:53 41_lcx: union 20530 -> 4153 dice=0.683 WARN: ['end click вне маски (proj 3.4 мм)']
[14/14] 12:13:56 41_lad: union 22903 -> 5263 dice=0.705

готово за 0.1 мин: ok=2 skip=12 err=0
маски   : out0610/recount/run120/<scan>_<vessel>_cropped.nii.gz
метрики : out0610/recount/run120/metrics_cropped.csv
сводка  : out0610/recount/run120/crop_summary.csv
кейсов: 15; уже с метриками: 14
[15/15] 12:16:01 42_lad: union 11192 -> 2230 dice=0.759 WARN: ['end click вне маски (proj 5.0 мм)']

готово за 0.1 мин: ok=1 skip=14 err=0
маски   : out0610/recount/run120/<scan>_<vessel>_cropped.nii.gz
метрики : out0610/recount/run120/metrics_cropped.csv
сводка  : out0610/recount/run120/crop_summary.csv
кейсов: 18; уже с метриками: 15
[16/18] 12:18:06 41_rca: union 40622 -> 7488 dice=0.764
[17/18] 12:18:10 42_rca: union 15214 -> 3323 dice=0.886
[18/18] 12:18:15 42_lcx: union 7761 -> 2453 dice=0.899

готово за 0.2 мин: ok=3 skip=15 err=0
маски   : out0610/recount/run120/<scan>_<vessel>_cropped.nii.gz
метрики : out0610/recount/run120/metrics_cropped.csv
сводка  : out0610/recount/run120/crop_summary.csv
кейсов: 18; уже с метриками: 18

готово за 0.0 мин: ok=0 skip=18 err=0
маски   : out0610/recount/run120/<scan>_<vessel>_cropped.nii.gz
метрики : out0610/recount/run120/metrics_cropped.csv
сводка  : out0610/recount/run120/crop_summary.csv
кейсов: 20; уже с метриками: 18
[19/20] 12:22:21 43_lcx: union 41582 -> 5593 dice=0.871
[20/20] 12:22:26 43_lad: union 21793 -> 5796 dice=0.861

готово за 0.2 мин: ok=2 skip=18 err=0
маски   : out0610/recount/run120/<scan>_<vessel>_cropped.nii.gz
метрики : out0610/recount/run120/metrics_cropped.csv
сводка  : out0610/recount/run120/crop_summary.csv
кейсов: 22; уже с метриками: 20
[21/22] 12:24:31 45_lad: union 15062 -> 3740 dice=0.840
[22/22] 12:24:36 43_rca: union 14570 -> 4845 dice=0.839 WARN: ['end click вне маски (proj 1.0 мм)']

готово за 0.2 мин: ok=2 skip=20 err=0
маски   : out0610/recount/run120/<scan>_<vessel>_cropped.nii.gz
метрики : out0610/recount/run120/metrics_cropped.csv
сводка  : out0610/recount/run120/crop_summary.csv
кейсов: 24; уже с метриками: 22
[23/24] 12:26:41 45_rca: union 3085 -> 934 dice=0.882 WARN: ['end click вне маски (proj 0.6 мм)']
[24/24] 12:26:45 45_lcx: union 14007 -> 4013 dice=0.875

готово за 0.1 мин: ok=2 skip=22 err=0
маски   : out0610/recount/run120/<scan>_<vessel>_cropped.nii.gz
метрики : out0610/recount/run120/metrics_cropped.csv
сводка  : out0610/recount/run120/crop_summary.csv
кейсов: 26; уже с метриками: 24
[25/26] 12:28:51 52_lcx: union 18140 -> 3295 dice=0.919
[26/26] 12:28:55 52_lad: union 19162 -> 4400 dice=0.903

готово за 0.2 мин: ok=2 skip=24 err=0
маски   : out0610/recount/run120/<scan>_<vessel>_cropped.nii.gz
метрики : out0610/recount/run120/metrics_cropped.csv
сводка  : out0610/recount/run120/crop_summary.csv
кейсов: 28; уже с метриками: 26
[27/28] 12:31:01 63_lad: union 20371 -> 3220 dice=0.784
[28/28] 12:31:05 52_rca: union 10975 -> 3089 dice=0.913

готово за 0.1 мин: ok=2 skip=26 err=0
маски   : out0610/recount/run120/<scan>_<vessel>_cropped.nii.gz
метрики : out0610/recount/run120/metrics_cropped.csv
сводка  : out0610/recount/run120/crop_summary.csv
кейсов: 30; уже с метриками: 28
[29/30] 12:33:11 63_rca: union 9933 -> 3865 dice=0.866
[30/30] 12:33:14 63_lcx: union 17627 -> 2559 dice=0.907

готово за 0.1 мин: ok=2 skip=28 err=0
маски   : out0610/recount/run120/<scan>_<vessel>_cropped.nii.gz
метрики : out0610/recount/run120/metrics_cropped.csv
сводка  : out0610/recount/run120/crop_summary.csv
кейсов: 32; уже с метриками: 30
[31/32] 12:35:19 69_lcx: union 16592 -> 4820 dice=0.932
[32/32] 12:35:23 69_lad: union 16005 -> 3365 dice=0.919

готово за 0.1 мин: ok=2 skip=30 err=0
маски   : out0610/recount/run120/<scan>_<vessel>_cropped.nii.gz
метрики : out0610/recount/run120/metrics_cropped.csv
сводка  : out0610/recount/run120/crop_summary.csv
кейсов: 34; уже с метриками: 32
[33/34] 12:37:28 80_lad: union 15982 -> 2655 dice=0.914
[34/34] 12:37:33 69_rca: union 35009 -> 8895 dice=0.935

готово за 0.2 мин: ok=2 skip=32 err=0
маски   : out0610/recount/run120/<scan>_<vessel>_cropped.nii.gz
метрики : out0610/recount/run120/metrics_cropped.csv
сводка  : out0610/recount/run120/crop_summary.csv
кейсов: 35; уже с метриками: 34
[35/35] 12:39:39 80_rca: union 12150 -> 2809 dice=0.925 WARN: ['end click вне маски (proj 1.3 мм)']

готово за 0.1 мин: ok=1 skip=34 err=0
маски   : out0610/recount/run120/<scan>_<vessel>_cropped.nii.gz
метрики : out0610/recount/run120/metrics_cropped.csv
сводка  : out0610/recount/run120/crop_summary.csv
кейсов: 37; уже с метриками: 35
[36/37] 12:41:45 80_lcx: union 14141 -> 2237 dice=0.923
[37/37] 12:41:50 85_lcx: union 6740 -> 1183 dice=0.820 WARN: ['end click вне маски (proj 3.5 мм)']

готово за 0.2 мин: ok=2 skip=35 err=0
маски   : out0610/recount/run120/<scan>_<vessel>_cropped.nii.gz
метрики : out0610/recount/run120/metrics_cropped.csv
сводка  : out0610/recount/run120/crop_summary.csv
кейсов: 39; уже с метриками: 37
[38/39] 12:43:56 87_lad: union 8180 -> 3067 dice=0.887
[39/39] 12:44:00 85_lad: union 32783 -> 4271 dice=0.692

готово за 0.2 мин: ok=2 skip=37 err=0
маски   : out0610/recount/run120/<scan>_<vessel>_cropped.nii.gz
метрики : out0610/recount/run120/metrics_cropped.csv
сводка  : out0610/recount/run120/crop_summary.csv
кейсов: 41; уже с метриками: 39
[40/41] 12:46:06 87_rca: union 14247 -> 4326 dice=0.855
[41/41] 12:46:10 85_rca: union 23566 -> 7720 dice=0.845

готово за 0.2 мин: ok=2 skip=39 err=0
маски   : out0610/recount/run120/<scan>_<vessel>_cropped.nii.gz
метрики : out0610/recount/run120/metrics_cropped.csv
сводка  : out0610/recount/run120/crop_summary.csv
кейсов: 42; уже с метриками: 41
[42/42] 12:48:16 88_lcx: union 17731 -> 3183 dice=0.868

готово за 0.1 мин: ok=1 skip=41 err=0
маски   : out0610/recount/run120/<scan>_<vessel>_cropped.nii.gz
метрики : out0610/recount/run120/metrics_cropped.csv
сводка  : out0610/recount/run120/crop_summary.csv
кейсов: 44; уже с метриками: 42
[43/44] 12:50:21 87_lcx: union 15190 -> 3518 dice=0.855
[44/44] 12:50:26 95_lad: union 15879 -> 3996 dice=0.929 WARN: ['end click вне маски (proj 1.1 мм)']

готово за 0.2 мин: ok=2 skip=42 err=0
маски   : out0610/recount/run120/<scan>_<vessel>_cropped.nii.gz
метрики : out0610/recount/run120/metrics_cropped.csv
сводка  : out0610/recount/run120/crop_summary.csv
кейсов: 47; уже с метриками: 44
[45/47] 12:52:32 88_lad: union 18214 -> 5790 dice=0.771
[46/47] 12:52:36 95_rca: union 14964 -> 4974 dice=0.873
[47/47] 12:52:41 100_lcx: union 15221 -> 3995 dice=0.863

готово за 0.2 мин: ok=3 skip=44 err=0
маски   : out0610/recount/run120/<scan>_<vessel>_cropped.nii.gz
метрики : out0610/recount/run120/metrics_cropped.csv
сводка  : out0610/recount/run120/crop_summary.csv
кейсов: 49; уже с метриками: 47
[48/49] 12:54:45 88_rca: union 9809 -> 3129 dice=0.849 WARN: ['end click вне маски (proj 0.9 мм)']
[49/49] 12:54:52 102_lad: union 14270 -> 3263 dice=0.923

готово за 0.2 мин: ok=2 skip=47 err=0
маски   : out0610/recount/run120/<scan>_<vessel>_cropped.nii.gz
метрики : out0610/recount/run120/metrics_cropped.csv
сводка  : out0610/recount/run120/crop_summary.csv
кейсов: 52; уже с метриками: 49
[50/52] 12:56:59 95_lcx: union 10843 -> 2708 dice=0.905
[51/52] 12:57:04 100_lad: union 19509 -> 4318 dice=0.723
[52/52] 12:57:08 100_rca: union 9870 -> 4393 dice=0.861

готово за 0.2 мин: ok=3 skip=49 err=0
маски   : out0610/recount/run120/<scan>_<vessel>_cropped.nii.gz
метрики : out0610/recount/run120/metrics_cropped.csv
сводка  : out0610/recount/run120/crop_summary.csv
кейсов: 53; уже с метриками: 52
[53/53] 12:59:12 102_rca: union 12395 -> 3090 dice=0.913 WARN: ['start click вне маски (proj 1.4 мм)']

готово за 0.1 мин: ok=1 skip=52 err=0
маски   : out0610/recount/run120/<scan>_<vessel>_cropped.nii.gz
метрики : out0610/recount/run120/metrics_cropped.csv
сводка  : out0610/recount/run120/crop_summary.csv
кейсов: 55; уже с метриками: 53
[54/55] 13:01:17 102_lcx: union 12233 -> 2069 dice=0.900
[55/55] 13:01:22 103_lcx: union 8793 -> 2460 dice=0.897 WARN: ['end click вне маски (proj 3.4 мм)']

готово за 0.1 мин: ok=2 skip=53 err=0
маски   : out0610/recount/run120/<scan>_<vessel>_cropped.nii.gz
метрики : out0610/recount/run120/metrics_cropped.csv
сводка  : out0610/recount/run120/crop_summary.csv
кейсов: 57; уже с метриками: 55
[56/57] 13:03:26 103_lad: union 12195 -> 2349 dice=0.913 WARN: ['start click вне маски (proj 1.3 мм)']
[57/57] 13:03:30 109_lad: union 9632 -> 2666 dice=0.916

готово за 0.2 мин: ok=2 skip=55 err=0
маски   : out0610/recount/run120/<scan>_<vessel>_cropped.nii.gz
метрики : out0610/recount/run120/metrics_cropped.csv
сводка  : out0610/recount/run120/crop_summary.csv
кейсов: 58; уже с метриками: 57
[58/58] 13:05:37 103_rca: union 19172 -> 5279 dice=0.921

готово за 0.1 мин: ok=1 skip=57 err=0
маски   : out0610/recount/run120/<scan>_<vessel>_cropped.nii.gz
метрики : out0610/recount/run120/metrics_cropped.csv
сводка  : out0610/recount/run120/crop_summary.csv
кейсов: 60; уже с метриками: 58
[59/60] 13:07:42 109_lcx: union 6003 -> 280 dice=0.448 WARN: ['end click вне маски (proj 17.0 мм)']
[60/60] 13:07:47 109_rca: union 11409 -> 2979 dice=0.851

готово за 0.2 мин: ok=2 skip=58 err=0
маски   : out0610/recount/run120/<scan>_<vessel>_cropped.nii.gz
метрики : out0610/recount/run120/metrics_cropped.csv
сводка  : out0610/recount/run120/crop_summary.csv
кейсов: 61; уже с метриками: 60
[61/61] 13:09:54 112_lad: union 18673 -> 4373 dice=0.876

готово за 0.1 мин: ok=1 skip=60 err=0
маски   : out0610/recount/run120/<scan>_<vessel>_cropped.nii.gz
метрики : out0610/recount/run120/metrics_cropped.csv
сводка  : out0610/recount/run120/crop_summary.csv
кейсов: 63; уже с метриками: 61
[62/63] 13:11:59 112_lcx: union 16189 -> 3459 dice=0.863
[63/63] 13:12:03 112_rca: union 18117 -> 6471 dice=0.866

готово за 0.1 мин: ok=2 skip=61 err=0
маски   : out0610/recount/run120/<scan>_<vessel>_cropped.nii.gz
метрики : out0610/recount/run120/metrics_cropped.csv
сводка  : out0610/recount/run120/crop_summary.csv
кейсов: 64; уже с метриками: 63
[64/64] 13:14:08 114_lad: union 10989 -> 2899 dice=0.753

готово за 0.1 мин: ok=1 skip=63 err=0
маски   : out0610/recount/run120/<scan>_<vessel>_cropped.nii.gz
метрики : out0610/recount/run120/metrics_cropped.csv
сводка  : out0610/recount/run120/crop_summary.csv
кейсов: 66; уже с метриками: 64
[65/66] 13:16:13 114_rca: union 3930 -> 1078 dice=0.900
[66/66] 13:16:17 114_lcx: union 20840 -> 4936 dice=0.839 WARN: ['end click вне маски (proj 1.5 мм)']

готово за 0.1 мин: ok=2 skip=64 err=0
маски   : out0610/recount/run120/<scan>_<vessel>_cropped.nii.gz
метрики : out0610/recount/run120/metrics_cropped.csv
сводка  : out0610/recount/run120/crop_summary.csv
кейсов: 69; уже с метриками: 66
[67/69] 13:18:23 124_lad: union 7000 -> 2120 dice=0.731
[68/69] 13:18:27 124_lcx: union 11845 -> 2839 dice=0.704
[69/69] 13:18:32 124_rca: union 11151 -> 3144 dice=0.618

готово за 0.2 мин: ok=3 skip=66 err=0
маски   : out0610/recount/run120/<scan>_<vessel>_cropped.nii.gz
метрики : out0610/recount/run120/metrics_cropped.csv
сводка  : out0610/recount/run120/crop_summary.csv
кейсов: 71; уже с метриками: 69
[70/71] 13:20:37 125_lad: union 16309 -> 3763 dice=0.910
[71/71] 13:20:42 125_lcx: union 17763 -> 3275 dice=0.912 WARN: ['end click вне маски (proj 7.5 мм)']

готово за 0.2 мин: ok=2 skip=69 err=0
маски   : out0610/recount/run120/<scan>_<vessel>_cropped.nii.gz
метрики : out0610/recount/run120/metrics_cropped.csv
сводка  : out0610/recount/run120/crop_summary.csv
кейсов: 72; уже с метриками: 71
[72/72] 13:22:48 125_rca: union 27700 -> 4269 dice=0.839

готово за 0.1 мин: ok=1 skip=71 err=0
маски   : out0610/recount/run120/<scan>_<vessel>_cropped.nii.gz
метрики : out0610/recount/run120/metrics_cropped.csv
сводка  : out0610/recount/run120/crop_summary.csv
кейсов: 73; уже с метриками: 72
[73/73] 13:24:53 129_lad: union 19077 -> 4203 dice=0.916

готово за 0.1 мин: ok=1 skip=72 err=0
маски   : out0610/recount/run120/<scan>_<vessel>_cropped.nii.gz
метрики : out0610/recount/run120/metrics_cropped.csv
сводка  : out0610/recount/run120/crop_summary.csv
кейсов: 75; уже с метриками: 73
[74/75] 13:26:59 129_lcx: union 17836 -> 3893 dice=0.919 WARN: ['end click вне маски (proj 4.5 мм)']
[75/75] 13:27:05 129_rca: union 17622 -> 5855 dice=0.930 WARN: ['start click вне маски (proj 1.7 мм)']

готово за 0.2 мин: ok=2 skip=73 err=0
маски   : out0610/recount/run120/<scan>_<vessel>_cropped.nii.gz
метрики : out0610/recount/run120/metrics_cropped.csv
сводка  : out0610/recount/run120/crop_summary.csv
кейсов: 77; уже с метриками: 75
[76/77] 13:29:12 138_lad: union 11713 -> 3244 dice=0.914
[77/77] 13:29:17 138_lcx: union 11475 -> 1880 dice=0.795 WARN: ['end click вне маски (proj 6.9 мм)']

готово за 0.2 мин: ok=2 skip=75 err=0
маски   : out0610/recount/run120/<scan>_<vessel>_cropped.nii.gz
метрики : out0610/recount/run120/metrics_cropped.csv
сводка  : out0610/recount/run120/crop_summary.csv
кейсов: 79; уже с метриками: 77
[78/79] 13:31:24 138_rca: union 8645 -> 2250 dice=0.887
[79/79] 13:31:28 139_lad: union 7200 -> 1725 dice=0.838

готово за 0.1 мин: ok=2 skip=77 err=0
маски   : out0610/recount/run120/<scan>_<vessel>_cropped.nii.gz
метрики : out0610/recount/run120/metrics_cropped.csv
сводка  : out0610/recount/run120/crop_summary.csv
кейсов: 81; уже с метриками: 79
[80/81] 13:33:34 139_lcx: union 3231 -> 808 dice=0.845
[81/81] 13:33:40 139_rca: union 9994 -> 3083 dice=0.865

готово за 0.2 мин: ok=2 skip=79 err=0
маски   : out0610/recount/run120/<scan>_<vessel>_cropped.nii.gz
метрики : out0610/recount/run120/metrics_cropped.csv
сводка  : out0610/recount/run120/crop_summary.csv
кейсов: 83; уже с метриками: 81
[82/83] 13:35:47 148_lad: union 10101 -> 1771 dice=0.909
[83/83] 13:35:51 148_lcx: union 9891 -> 1855 dice=0.931

готово за 0.2 мин: ok=2 skip=81 err=0
маски   : out0610/recount/run120/<scan>_<vessel>_cropped.nii.gz
метрики : out0610/recount/run120/metrics_cropped.csv
сводка  : out0610/recount/run120/crop_summary.csv
кейсов: 84; уже с метриками: 83
[84/84] 13:37:57 148_rca: union 10151 -> 2688 dice=0.917

готово за 0.1 мин: ok=1 skip=83 err=0
маски   : out0610/recount/run120/<scan>_<vessel>_cropped.nii.gz
метрики : out0610/recount/run120/metrics_cropped.csv
сводка  : out0610/recount/run120/crop_summary.csv
кейсов: 85; уже с метриками: 84
[85/85] 13:40:03 151_lad: union 22970 -> 4360 dice=0.945

готово за 0.1 мин: ok=1 skip=84 err=0
маски   : out0610/recount/run120/<scan>_<vessel>_cropped.nii.gz
метрики : out0610/recount/run120/metrics_cropped.csv
сводка  : out0610/recount/run120/crop_summary.csv
кейсов: 87; уже с метриками: 85
[86/87] 13:42:09 151_lcx: union 21754 -> 4333 dice=0.940
[87/87] 13:42:15 151_rca: union 12085 -> 4550 dice=0.924 WARN: ['end click вне маски (proj 1.8 мм)']

готово за 0.2 мин: ok=2 skip=85 err=0
маски   : out0610/recount/run120/<scan>_<vessel>_cropped.nii.gz
метрики : out0610/recount/run120/metrics_cropped.csv
сводка  : out0610/recount/run120/crop_summary.csv
кейсов: 88; уже с метриками: 87
[88/88] 13:44:21 173_lad: union 12661 -> 2759 dice=0.796

готово за 0.1 мин: ok=1 skip=87 err=0
маски   : out0610/recount/run120/<scan>_<vessel>_cropped.nii.gz
метрики : out0610/recount/run120/metrics_cropped.csv
сводка  : out0610/recount/run120/crop_summary.csv
кейсов: 89; уже с метриками: 88
[89/89] 13:46:29 173_lcx: union 18030 -> 2299 dice=0.858

готово за 0.1 мин: ok=1 skip=88 err=0
маски   : out0610/recount/run120/<scan>_<vessel>_cropped.nii.gz
метрики : out0610/recount/run120/metrics_cropped.csv
сводка  : out0610/recount/run120/crop_summary.csv
кейсов: 90; уже с метриками: 89
[90/90] 13:48:39 173_rca: union 14064 -> 3598 dice=0.690

готово за 0.1 мин: ok=1 skip=89 err=0
маски   : out0610/recount/run120/<scan>_<vessel>_cropped.nii.gz
метрики : out0610/recount/run120/metrics_cropped.csv
сводка  : out0610/recount/run120/crop_summary.csv
кейсов: 91; уже с метриками: 90
[91/91] 13:50:48 175_lad: union 12219 -> 2031 dice=0.905

готово за 0.1 мин: ok=1 skip=90 err=0
маски   : out0610/recount/run120/<scan>_<vessel>_cropped.nii.gz
метрики : out0610/recount/run120/metrics_cropped.csv
сводка  : out0610/recount/run120/crop_summary.csv
кейсов: 93; уже с метриками: 91
[92/93] 13:52:54 175_lcx: union 5724 -> 2021 dice=0.907 WARN: ['start click вне маски (proj 1.1 мм)']
[93/93] 13:52:58 175_rca: union 9488 -> 3195 dice=0.932

готово за 0.1 мин: ok=2 skip=91 err=0
маски   : out0610/recount/run120/<scan>_<vessel>_cropped.nii.gz
метрики : out0610/recount/run120/metrics_cropped.csv
сводка  : out0610/recount/run120/crop_summary.csv
кейсов: 95; уже с метриками: 93
[94/95] 13:55:02 196_lad: union 20765 -> 4230 dice=0.819
[95/95] 13:55:07 196_lcx: union 19670 -> 4631 dice=0.861

готово за 0.2 мин: ok=2 skip=93 err=0
маски   : out0610/recount/run120/<scan>_<vessel>_cropped.nii.gz
метрики : out0610/recount/run120/metrics_cropped.csv
сводка  : out0610/recount/run120/crop_summary.csv
кейсов: 96; уже с метриками: 95
[96/96] 13:57:13 196_rca: union 10348 -> 3197 dice=0.869

готово за 0.1 мин: ok=1 skip=95 err=0
маски   : out0610/recount/run120/<scan>_<vessel>_cropped.nii.gz
метрики : out0610/recount/run120/metrics_cropped.csv
сводка  : out0610/recount/run120/crop_summary.csv
кейсов: 98; уже с метриками: 96
[97/98] 13:59:19 211_lad: union 15054 -> 3920 dice=0.877
[98/98] 13:59:24 211_lcx: union 15712 -> 1242 dice=0.541 WARN: ['end click вне маски (proj 17.5 мм)']

готово за 0.2 мин: ok=2 skip=96 err=0
маски   : out0610/recount/run120/<scan>_<vessel>_cropped.nii.gz
метрики : out0610/recount/run120/metrics_cropped.csv
сводка  : out0610/recount/run120/crop_summary.csv
кейсов: 100; уже с метриками: 98
[99/100] 14:01:30 211_rca: union 16503 -> 4285 dice=0.855
[100/100] 14:01:36 218_lad: union 8037 -> 3255 dice=0.800

готово за 0.2 мин: ok=2 skip=98 err=0
маски   : out0610/recount/run120/<scan>_<vessel>_cropped.nii.gz
метрики : out0610/recount/run120/metrics_cropped.csv
сводка  : out0610/recount/run120/crop_summary.csv
кейсов: 102; уже с метриками: 100
[101/102] 14:03:41 218_lcx: union 7925 -> 3565 dice=0.930
[102/102] 14:03:46 218_rca: union 11151 -> 3051 dice=0.862

готово за 0.2 мин: ok=2 skip=100 err=0
маски   : out0610/recount/run120/<scan>_<vessel>_cropped.nii.gz
метрики : out0610/recount/run120/metrics_cropped.csv
сводка  : out0610/recount/run120/crop_summary.csv
кейсов: 104; уже с метриками: 102
[103/104] 14:05:52 244_lad: union 11950 -> 3076 dice=0.884
[104/104] 14:05:57 244_lcx: union 7253 -> 1830 dice=0.912

готово за 0.2 мин: ok=2 skip=102 err=0
маски   : out0610/recount/run120/<scan>_<vessel>_cropped.nii.gz
метрики : out0610/recount/run120/metrics_cropped.csv
сводка  : out0610/recount/run120/crop_summary.csv
кейсов: 105; уже с метриками: 104
[105/105] 14:08:02 251_lad: union 13549 -> 3444 dice=0.875

готово за 0.1 мин: ok=1 skip=104 err=0
маски   : out0610/recount/run120/<scan>_<vessel>_cropped.nii.gz
метрики : out0610/recount/run120/metrics_cropped.csv
сводка  : out0610/recount/run120/crop_summary.csv
кейсов: 107; уже с метриками: 105
[106/107] 14:10:07 244_rca: union 19859 -> 3721 dice=0.895
[107/107] 14:10:12 251_rca: union 11431 -> 4501 dice=0.875

готово за 0.1 мин: ok=2 skip=105 err=0
маски   : out0610/recount/run120/<scan>_<vessel>_cropped.nii.gz
метрики : out0610/recount/run120/metrics_cropped.csv
сводка  : out0610/recount/run120/crop_summary.csv
кейсов: 109; уже с метриками: 107
[108/109] 14:12:16 251_lcx: union 11295 -> 2155 dice=0.903
[109/109] 14:12:20 252_lcx: union 11566 -> 2832 dice=0.859 WARN: ['end click вне маски (proj 1.9 мм)']

готово за 0.1 мин: ok=2 skip=107 err=0
маски   : out0610/recount/run120/<scan>_<vessel>_cropped.nii.gz
метрики : out0610/recount/run120/metrics_cropped.csv
сводка  : out0610/recount/run120/crop_summary.csv
кейсов: 112; уже с метриками: 109
[110/112] 14:14:25 252_lad: union 12492 -> 4242 dice=0.918
[111/112] 14:14:29 265_lad: union 7976 -> 2524 dice=0.919
[112/112] 14:14:33 252_rca: union 12729 -> 4385 dice=0.918

готово за 0.2 мин: ok=3 skip=109 err=0
маски   : out0610/recount/run120/<scan>_<vessel>_cropped.nii.gz
метрики : out0610/recount/run120/metrics_cropped.csv
сводка  : out0610/recount/run120/crop_summary.csv
кейсов: 114; уже с метриками: 112
[113/114] 14:16:37 265_rca: union 10579 -> 2797 dice=0.913
[114/114] 14:16:41 265_lcx: union 10252 -> 1909 dice=0.801 WARN: ['end click вне маски (proj 5.9 мм)']

готово за 0.1 мин: ok=2 skip=112 err=0
маски   : out0610/recount/run120/<scan>_<vessel>_cropped.nii.gz
метрики : out0610/recount/run120/metrics_cropped.csv
сводка  : out0610/recount/run120/crop_summary.csv
кейсов: 114; уже с метриками: 114

готово за 0.0 мин: ok=0 skip=114 err=0
маски   : out0610/recount/run120/<scan>_<vessel>_cropped.nii.gz
метрики : out0610/recount/run120/metrics_cropped.csv
сводка  : out0610/recount/run120/crop_summary.csv
кейсов: 116; уже с метриками: 114
[115/116] 14:20:47 271_lcx: union 14741 -> 3045 dice=0.818
[116/116] 14:20:50 271_lad: union 12827 -> 3416 dice=0.845

готово за 0.1 мин: ok=2 skip=114 err=0
маски   : out0610/recount/run120/<scan>_<vessel>_cropped.nii.gz
метрики : out0610/recount/run120/metrics_cropped.csv
сводка  : out0610/recount/run120/crop_summary.csv
кейсов: 118; уже с метриками: 116
[117/118] 14:22:55 271_rca: union 13331 -> 4034 dice=0.793
[118/118] 14:22:59 272_lad: union 21711 -> 3390 dice=0.922

готово за 0.1 мин: ok=2 skip=116 err=0
маски   : out0610/recount/run120/<scan>_<vessel>_cropped.nii.gz
метрики : out0610/recount/run120/metrics_cropped.csv
сводка  : out0610/recount/run120/crop_summary.csv
кейсов: 120; уже с метриками: 118
[119/120] 14:25:03 272_rca: union 22494 -> 5704 dice=0.932
[120/120] 14:25:07 272_lcx: union 17968 -> 853 dice=0.693 WARN: ['end click вне маски (proj 12.3 мм)']

готово за 0.1 мин: ok=2 skip=118 err=0
маски   : out0610/recount/run120/<scan>_<vessel>_cropped.nii.gz
метрики : out0610/recount/run120/metrics_cropped.csv
сводка  : out0610/recount/run120/crop_summary.csv
кейсов: 120; уже с метриками: 120

готово за 0.0 мин: ok=0 skip=120 err=0
маски   : out0610/recount/run120/<scan>_<vessel>_cropped.nii.gz
метрики : out0610/recount/run120/metrics_cropped.csv
сводка  : out0610/recount/run120/crop_summary.csv
кейсов: 120; уже с метриками: 120

готово за 0.0 мин: ok=0 skip=120 err=0
маски   : out0610/recount/run120/<scan>_<vessel>_cropped.nii.gz
метрики : out0610/recount/run120/metrics_cropped.csv
сводка  : out0610/recount/run120/crop_summary.csv
кейсов: 120; уже с метриками: 120

готово за 0.0 мин: ok=0 skip=120 err=0
маски   : out0610/recount/run120/<scan>_<vessel>_cropped.nii.gz
метрики : out0610/recount/run120/metrics_cropped.csv
сводка  : out0610/recount/run120/crop_summary.csv
кейсов: 120; уже с метриками: 120

готово за 0.0 мин: ok=0 skip=120 err=0
маски   : out0610/recount/run120/<scan>_<vessel>_cropped.nii.gz
метрики : out0610/recount/run120/metrics_cropped.csv
сводка  : out0610/recount/run120/crop_summary.csv
кейсов: 120; уже с метриками: 120

готово за 0.0 мин: ok=0 skip=120 err=0
маски   : out0610/recount/run120/<scan>_<vessel>_cropped.nii.gz
метрики : out0610/recount/run120/metrics_cropped.csv
сводка  : out0610/recount/run120/crop_summary.csv
кейсов: 120; уже с метриками: 120

готово за 0.0 мин: ok=0 skip=120 err=0
маски   : out0610/recount/run120/<scan>_<vessel>_cropped.nii.gz
метрики : out0610/recount/run120/metrics_cropped.csv
сводка  : out0610/recount/run120/crop_summary.csv
кейсов: 120; уже с метриками: 120

готово за 0.0 мин: ok=0 skip=120 err=0
маски   : out0610/recount/run120/<scan>_<vessel>_cropped.nii.gz
метрики : out0610/recount/run120/metrics_cropped.csv
сводка  : out0610/recount/run120/crop_summary.csv
кейсов: 120; уже с метриками: 120

готово за 0.0 мин: ok=0 skip=120 err=0
маски   : out0610/recount/run120/<scan>_<vessel>_cropped.nii.gz
метрики : out0610/recount/run120/metrics_cropped.csv
сводка  : out0610/recount/run120/crop_summary.csv
кейсов: 120; уже с метриками: 120

готово за 0.0 мин: ok=0 skip=120 err=0
маски   : out0610/recount/run120/<scan>_<vessel>_cropped.nii.gz
метрики : out0610/recount/run120/metrics_cropped.csv
сводка  : out0610/recount/run120/crop_summary.csv
кейсов: 120; уже с метриками: 120

готово за 0.0 мин: ok=0 skip=120 err=0
маски   : out0610/recount/run120/<scan>_<vessel>_cropped.nii.gz
метрики : out0610/recount/run120/metrics_cropped.csv
сводка  : out0610/recount/run120/crop_summary.csv
кейсов: 120; уже с метриками: 120

готово за 0.0 мин: ok=0 skip=120 err=0
маски   : out0610/recount/run120/<scan>_<vessel>_cropped.nii.gz
метрики : out0610/recount/run120/metrics_cropped.csv
сводка  : out0610/recount/run120/crop_summary.csv
кейсов: 120; уже с метриками: 120

готово за 0.0 мин: ok=0 skip=120 err=0
маски   : out0610/recount/run120/<scan>_<vessel>_cropped.nii.gz
метрики : out0610/recount/run120/metrics_cropped.csv
сводка  : out0610/recount/run120/crop_summary.csv
кейсов: 120; уже с метриками: 120

готово за 0.0 мин: ok=0 skip=120 err=0
маски   : out0610/recount/run120/<scan>_<vessel>_cropped.nii.gz
метрики : out0610/recount/run120/metrics_cropped.csv
сводка  : out0610/recount/run120/crop_summary.csv
кейсов: 120; уже с метриками: 120

готово за 0.0 мин: ok=0 skip=120 err=0
маски   : out0610/recount/run120/<scan>_<vessel>_cropped.nii.gz
метрики : out0610/recount/run120/metrics_cropped.csv
сводка  : out0610/recount/run120/crop_summary.csv
кейсов: 120; уже с метриками: 120

готово за 0.0 мин: ok=0 skip=120 err=0
маски   : out0610/recount/run120/<scan>_<vessel>_cropped.nii.gz
метрики : out0610/recount/run120/metrics_cropped.csv
сводка  : out0610/recount/run120/crop_summary.csv
кейсов: 120; уже с метриками: 120

готово за 0.0 мин: ok=0 skip=120 err=0
маски   : out0610/recount/run120/<scan>_<vessel>_cropped.nii.gz
метрики : out0610/recount/run120/metrics_cropped.csv
сводка  : out0610/recount/run120/crop_summary.csv
кейсов: 120; уже с метриками: 120

готово за 0.0 мин: ok=0 skip=120 err=0
маски   : out0610/recount/run120/<scan>_<vessel>_cropped.nii.gz
метрики : out0610/recount/run120/metrics_cropped.csv
сводка  : out0610/recount/run120/crop_summary.csv
